   ▲ Next.js 15.5.12
   - Environments: .env.local

   Creating an optimized production build ...
 ✓ Compiled successfully in 1774ms
   Linting and checking validity of types ...
node.exe : 
所在位置 行:1 字符: 1
+ & "C:\Program Files\nodejs/node.exe" "C:\Program Files\nodejs/node_mo ...
+ ~~~~~~~~~~~~~~~~~~~~~~~~~~~~~~~~~~~~~~~~~~~~~~~~~~~~~~~~~~~~~~~~~~~~~
    + CategoryInfo          : NotSpecified: (:String) [], RemoteException
    + FullyQualifiedErrorId : NativeCommandError
 
Failed to compile.

./src/app/api/decompose/route.ts
55:85  Error: Unexpected any. Specify a different type.  @typescript-eslint/no-explicit-any

./src/app/api/evaluate-strategy/route.ts
37:67  Error: Unexpected any. Specify a different type.  @typescript-eslint/no-explicit-any

./src/app/api/questions/route.ts
3:3  Warning: 'getQuestionsForWeakPoints' is defined but never used.  @typescript-eslint/no-unused-vars

./src/app/api/recognize/route.ts
26:15  Warning: 'base64Data' is assigned a value but never used.  @typescript-eslint/no-unused-vars
53:27  Error: Unexpected any. Specify a different type.  @typescript-eslint/no-explicit-any
53:101  Error: Unexpected any. Specify a different type.  @typescript-eslint/no-explicit-any

./src/app/api/session/route.ts
45:45  Warning: 'currentStep' is assigned a value but never used.  @typescript-eslint/no-unused-vars

./src/app/api/summarize-persona/route.ts
29:35  Error: Unexpected any. Specify a different type.  @typescript-eslint/no-explicit-any
43:29  Error: Unexpected any. Specify a different type.  @typescript-eslint/no-explicit-any
86:76  Error: Unexpected any. Specify a different type.  @typescript-eslint/no-explicit-any

./src/app/dashboard/page.tsx
7:158  Warning: 'X' is defined but never used.  @typescript-eslint/no-unused-vars
98:37  Warning: Using `<img>` could result in slower LCP and higher bandwidth. Consider using `<Image />` f
rom `next/image` or a custom image loader to automatically optimize images. This may incur additional usage
 or cost from your provider. See: https://nextjs.org/docs/messages/no-img-element  @next/next/no-img-elemen
t
262:9  Error: Error: Calling setState synchronously within an effect can trigger cascading renders

Effects are intended to synchronize state between React and external systems such as manually updating the 
DOM, state management libraries, or other platform APIs. In general, the body of an effect should do one or
 both of the following:
* Update external systems with the latest state from React.
* Subscribe for updates from some external system, calling setState in a callback function when external st
ate changes.

Calling setState synchronously within an effect body causes cascading renders that can hurt performance, an
d is not recommended. (https://react.dev/learn/you-might-not-need-an-effect).

C:\Users\zuoyi\Desktop\交配\mvp-algebra-fixed\src\app\dashboard\page.tsx:262:9
  260 |
  261 |     useEffect(() => {
> 262 |         setIsMounted(true);
      |         ^^^^^^^^^^^^ Avoid calling setState() directly within an effect
  263 |         refreshData();
  264 |         const interval = setInterval(refreshData, 3000);
  265 |         window.addEventListener('focus', refreshData);  react-hooks/set-state-in-effect
523:33  Error: `"` can be escaped with `&quot;`, `&ldquo;`, `&#34;`, `&rdquo;`.  react/no-unescaped-entitie
s
523:90  Error: `"` can be escaped with `&quot;`, `&ldquo;`, `&#34;`, `&rdquo;`.  react/no-unescaped-entitie
s

./src/app/practice/page.tsx
1:8  Warning: 'DynamicScaffold' is defined but never used.  @typescript-eslint/no-unused-vars

./src/components/DynamicScaffold.tsx
7:99  Warning: 'ChevronLeft' is defined but never used.  @typescript-eslint/no-unused-vars
7:112  Warning: 'ChevronRight' is defined but never used.  @typescript-eslint/no-unused-vars
7:126  Warning: 'SkipForward' is defined but never used.  @typescript-eslint/no-unused-vars
7:179  Warning: 'Play' is defined but never used.  @typescript-eslint/no-unused-vars
7:185  Warning: 'Layers' is defined but never used.  @typescript-eslint/no-unused-vars
38:26  Warning: 'setProblemImage' is assigned a value but never used.  @typescript-eslint/no-unused-vars
61:8  Warning: React Hook useEffect has a missing dependency: 'fetchQuestionInfo'. Either include it or rem
ove the dependency array.  react-hooks/exhaustive-deps
127:11  Warning: 'cheatSkip' is assigned a value but never used.  @typescript-eslint/no-unused-vars
132:11  Warning: 'cheatCompleteAll' is assigned a value but never used.  @typescript-eslint/no-unused-vars
315:55  Error: Unexpected any. Specify a different type.  @typescript-eslint/no-explicit-any
425:37  Warning: '_finalHistory' is assigned a value but never used.  @typescript-eslint/no-unused-vars

./src/components/PracticeUI.tsx
9:5  Warning: 'ChevronRight' is defined but never used.  @typescript-eslint/no-unused-vars
39:12  Warning: 'stats' is assigned a value but never used.  @typescript-eslint/no-unused-vars
39:40  Error: Unexpected any. Specify a different type.  @typescript-eslint/no-explicit-any
105:11  Warning: 'fetchQuestions' is assigned a value but never used.  @typescript-eslint/no-unused-vars

./src/lib/memory.test.ts
5:36  Error: Unexpected any. Specify a different type.  @typescript-eslint/no-explicit-any
23:23  Error: Unexpected any. Specify a different type.  @typescript-eslint/no-explicit-any
24:29  Error: Unexpected any. Specify a different type.  @typescript-eslint/no-explicit-any
31:16  Error: Unexpected any. Specify a different type.  @typescript-eslint/no-explicit-any
32:16  Error: Unexpected any. Specify a different type.  @typescript-eslint/no-explicit-any
36:16  Error: Unexpected any. Specify a different type.  @typescript-eslint/no-explicit-any
37:16  Error: Unexpected any. Specify a different type.  @typescript-eslint/no-explicit-any
42:25  Error: Unexpected any. Specify a different type.  @typescript-eslint/no-explicit-any
104:25  Error: Unexpected any. Specify a different type.  @typescript-eslint/no-explicit-any

./src/lib/review.ts
105:3  Warning: 'shadowSolve' is defined but never used.  @typescript-eslint/no-unused-vars

./src/lib/tutor.ts
3:23  Warning: 'formatKPsForPrompt' is defined but never used.  @typescript-eslint/no-unused-vars

info  - Need to disable some ESLint rules? Learn more here: https://nextjs.org/docs/app/api-reference/confi
g/eslint#disabling-rules
