node_modules/next/dist/build/templates/app-page.d.ts(11,25): error TS2307: Cannot find module 'VAR_MODULE_GLOBAL_ERROR' or its corresponding type declarations.
node_modules/next/dist/build/webpack-config.d.ts(10,104): error TS2694: Namespace '"C:/Users/zuoyi/Desktop/\u4EA4\u914D/mvp-algebra-fixed/node_modules/next/dist/compiled/webpack/webpack".webpack' has no exported member 'RuleSetUseItem'.
node_modules/next/dist/build/webpack/loaders/next-app-loader/index.d.ts(1,13): error TS2613: Module '"C:/Users/zuoyi/Desktop/\u4EA4\u914D/mvp-algebra-fixed/node_modules/next/dist/compiled/webpack/webpack"' has no default export. Did you mean to use 'import { webpack } from "C:/Users/zuoyi/Desktop/\u4EA4\u914D/mvp-algebra-fixed/node_modules/next/dist/compiled/webpack/webpack"' instead?
node_modules/next/dist/client/components/error-boundary.d.ts(1,8): error TS1259: Module '"C:/Users/zuoyi/Desktop/\u4EA4\u914D/mvp-algebra-fixed/node_modules/@types/react/index"' can only be default-imported using the 'esModuleInterop' flag
node_modules/next/dist/client/components/http-access-fallback/error-boundary.d.ts(11,8): error TS1259: Module '"C:/Users/zuoyi/Desktop/\u4EA4\u914D/mvp-algebra-fixed/node_modules/@types/react/index"' can only be default-imported using the 'esModuleInterop' flag
node_modules/next/dist/client/components/layout-router.d.ts(2,8): error TS1259: Module '"C:/Users/zuoyi/Desktop/\u4EA4\u914D/mvp-algebra-fixed/node_modules/@types/react/index"' can only be default-imported using the 'esModuleInterop' flag
node_modules/next/dist/client/with-router.d.ts(1,8): error TS1259: Module '"C:/Users/zuoyi/Desktop/\u4EA4\u914D/mvp-algebra-fixed/node_modules/@types/react/index"' can only be default-imported using the 'esModuleInterop' flag
node_modules/next/dist/lib/metadata/metadata.d.ts(1,8): error TS1259: Module '"C:/Users/zuoyi/Desktop/\u4EA4\u914D/mvp-algebra-fixed/node_modules/@types/react/index"' can only be default-imported using the 'esModuleInterop' flag
node_modules/next/dist/next-devtools/userspace/pages/pages-dev-overlay-setup.d.ts(1,8): error TS1259: Module '"C:/Users/zuoyi/Desktop/\u4EA4\u914D/mvp-algebra-fixed/node_modules/@types/react/index"' can only be default-imported using the 'esModuleInterop' flag
node_modules/next/dist/server/app-render/entry-base.d.ts(1,114): error TS2307: Cannot find module 'react-server-dom-webpack/server' or its corresponding type declarations.
node_modules/next/dist/server/app-render/entry-base.d.ts(2,49): error TS2307: Cannot find module 'react-server-dom-webpack/static' or its corresponding type declarations.
node_modules/next/dist/server/web/spec-extension/adapters/headers.d.ts(39,16): error TS2304: Cannot find name 'HeadersIterator'.
node_modules/next/dist/server/web/spec-extension/adapters/headers.d.ts(40,13): error TS2304: Cannot find name 'HeadersIterator'.
node_modules/next/dist/server/web/spec-extension/adapters/headers.d.ts(41,15): error TS2304: Cannot find name 'HeadersIterator'.
node_modules/next/dist/server/web/spec-extension/adapters/headers.d.ts(42,26): error TS2304: Cannot find name 'HeadersIterator'.
node_modules/next/dist/shared/lib/amp-context.shared-runtime.d.ts(1,8): error TS1259: Module '"C:/Users/zuoyi/Desktop/\u4EA4\u914D/mvp-algebra-fixed/node_modules/@types/react/index"' can only be default-imported using the 'esModuleInterop' flag
node_modules/next/dist/shared/lib/app-router-context.shared-runtime.d.ts(4,8): error TS1259: Module '"C:/Users/zuoyi/Desktop/\u4EA4\u914D/mvp-algebra-fixed/node_modules/@types/react/index"' can only be default-imported using the 'esModuleInterop' flag
node_modules/next/dist/shared/lib/head-manager-context.shared-runtime.d.ts(1,8): error TS1259: Module '"C:/Users/zuoyi/Desktop/\u4EA4\u914D/mvp-algebra-fixed/node_modules/@types/react/index"' can only be default-imported using the 'esModuleInterop' flag
node_modules/next/dist/shared/lib/image-config-context.shared-runtime.d.ts(1,8): error TS1259: Module '"C:/Users/zuoyi/Desktop/\u4EA4\u914D/mvp-algebra-fixed/node_modules/@types/react/index"' can only be default-imported using the 'esModuleInterop' flag
node_modules/next/dist/shared/lib/loadable-context.shared-runtime.d.ts(1,8): error TS1259: Module '"C:/Users/zuoyi/Desktop/\u4EA4\u914D/mvp-algebra-fixed/node_modules/@types/react/index"' can only be default-imported using the 'esModuleInterop' flag
node_modules/next/dist/shared/lib/loadable.shared-runtime.d.ts(21,8): error TS1259: Module '"C:/Users/zuoyi/Desktop/\u4EA4\u914D/mvp-algebra-fixed/node_modules/@types/react/index"' can only be default-imported using the 'esModuleInterop' flag
node_modules/next/dist/shared/lib/router-context.shared-runtime.d.ts(1,8): error TS1259: Module '"C:/Users/zuoyi/Desktop/\u4EA4\u914D/mvp-algebra-fixed/node_modules/@types/react/index"' can only be default-imported using the 'esModuleInterop' flag
node_modules/next/dist/shared/lib/server-inserted-html.shared-runtime.d.ts(1,8): error TS1259: Module '"C:/Users/zuoyi/Desktop/\u4EA4\u914D/mvp-algebra-fixed/node_modules/@types/react/index"' can only be default-imported using the 'esModuleInterop' flag
node_modules/next/dist/shared/lib/utils.d.ts(10,13): error TS1192: Module '"fs"' has no default export.
node_modules/next/dist/types.d.ts(8,13): error TS1259: Module '"C:/Users/zuoyi/Desktop/\u4EA4\u914D/mvp-algebra-fixed/node_modules/@types/react/index"' can only be default-imported using the 'esModuleInterop' flag
node_modules/react-signature-canvas/dist/index.d.ts(2,8): error TS1259: Module '"C:/Users/zuoyi/Desktop/\u4EA4\u914D/mvp-algebra-fixed/node_modules/@types/react/index"' can only be default-imported using the 'esModuleInterop' flag
node_modules/react-signature-canvas/dist/index.d.ts(3,8): error TS1259: Module '"C:/Users/zuoyi/Desktop/\u4EA4\u914D/mvp-algebra-fixed/node_modules/@types/signature_pad/index"' can only be default-imported using the 'esModuleInterop' flag
src/components/DynamicScaffold.tsx(10,43): error TS2307: Cannot find module '@/lib/memory' or its corresponding type declarations.
src/components/DynamicScaffold.tsx(11,53): error TS2307: Cannot find module '@/lib/types' or its corresponding type declarations.
src/components/DynamicScaffold.tsx(27,27): error TS17004: Cannot use JSX unless the '--jsx' flag is provided.
src/components/DynamicScaffold.tsx(42,27): error TS17004: Cannot use JSX unless the '--jsx' flag is provided.
src/components/DynamicScaffold.tsx(57,27): error TS17004: Cannot use JSX unless the '--jsx' flag is provided.
src/components/DynamicScaffold.tsx(82,9): error TS17004: Cannot use JSX unless the '--jsx' flag is provided.
src/components/DynamicScaffold.tsx(82,29): error TS17004: Cannot use JSX unless the '--jsx' flag is provided.
src/components/DynamicScaffold.tsx(83,13): error TS17004: Cannot use JSX unless the '--jsx' flag is provided.
src/components/DynamicScaffold.tsx(923,9): error TS17004: Cannot use JSX unless the '--jsx' flag is provided.
src/components/DynamicScaffold.tsx(926,13): error TS17004: Cannot use JSX unless the '--jsx' flag is provided.
src/components/DynamicScaffold.tsx(927,17): error TS17004: Cannot use JSX unless the '--jsx' flag is provided.
src/components/DynamicScaffold.tsx(928,21): error TS17004: Cannot use JSX unless the '--jsx' flag is provided.
src/components/DynamicScaffold.tsx(940,25): error TS17004: Cannot use JSX unless the '--jsx' flag is provided.
src/components/DynamicScaffold.tsx(943,21): error TS17004: Cannot use JSX unless the '--jsx' flag is provided.
src/components/DynamicScaffold.tsx(949,25): error TS17004: Cannot use JSX unless the '--jsx' flag is provided.
src/components/DynamicScaffold.tsx(954,17): error TS17004: Cannot use JSX unless the '--jsx' flag is provided.
src/components/DynamicScaffold.tsx(959,21): error TS17004: Cannot use JSX unless the '--jsx' flag is provided.
src/components/DynamicScaffold.tsx(960,40): error TS17004: Cannot use JSX unless the '--jsx' flag is provided.
src/components/DynamicScaffold.tsx(960,68): error TS17004: Cannot use JSX unless the '--jsx' flag is provided.
src/components/DynamicScaffold.tsx(964,21): error TS17004: Cannot use JSX unless the '--jsx' flag is provided.
src/components/DynamicScaffold.tsx(966,25): error TS17004: Cannot use JSX unless the '--jsx' flag is provided.
src/components/DynamicScaffold.tsx(967,29): error TS17004: Cannot use JSX unless the '--jsx' flag is provided.
src/components/DynamicScaffold.tsx(968,29): error TS17004: Cannot use JSX unless the '--jsx' flag is provided.
src/components/DynamicScaffold.tsx(969,33): error TS17004: Cannot use JSX unless the '--jsx' flag is provided.
src/components/DynamicScaffold.tsx(971,29): error TS17004: Cannot use JSX unless the '--jsx' flag is provided.
src/components/DynamicScaffold.tsx(974,29): error TS17004: Cannot use JSX unless the '--jsx' flag is provided.
src/components/DynamicScaffold.tsx(977,29): error TS17004: Cannot use JSX unless the '--jsx' flag is provided.
src/components/DynamicScaffold.tsx(982,25): error TS17004: Cannot use JSX unless the '--jsx' flag is provided.
src/components/DynamicScaffold.tsx(983,51): error TS17004: Cannot use JSX unless the '--jsx' flag is provided.
src/components/DynamicScaffold.tsx(985,33): error TS17004: Cannot use JSX unless the '--jsx' flag is provided.
src/components/DynamicScaffold.tsx(990,37): error TS17004: Cannot use JSX unless the '--jsx' flag is provided.
src/components/DynamicScaffold.tsx(991,37): error TS17004: Cannot use JSX unless the '--jsx' flag is provided.
src/components/DynamicScaffold.tsx(1000,13): error TS17004: Cannot use JSX unless the '--jsx' flag is provided.
src/components/DynamicScaffold.tsx(1003,17): error TS17004: Cannot use JSX unless the '--jsx' flag is provided.
src/components/DynamicScaffold.tsx(1004,21): error TS17004: Cannot use JSX unless the '--jsx' flag is provided.
src/components/DynamicScaffold.tsx(1005,25): error TS17004: Cannot use JSX unless the '--jsx' flag is provided.
src/components/DynamicScaffold.tsx(1006,29): error TS17004: Cannot use JSX unless the '--jsx' flag is provided.
src/components/DynamicScaffold.tsx(1007,29): error TS17004: Cannot use JSX unless the '--jsx' flag is provided.
src/components/DynamicScaffold.tsx(1010,25): error TS17004: Cannot use JSX unless the '--jsx' flag is provided.
src/components/DynamicScaffold.tsx(1011,29): error TS17004: Cannot use JSX unless the '--jsx' flag is provided.
src/components/DynamicScaffold.tsx(1015,21): error TS17004: Cannot use JSX unless the '--jsx' flag is provided.
src/components/DynamicScaffold.tsx(1017,29): error TS17004: Cannot use JSX unless the '--jsx' flag is provided.
src/components/DynamicScaffold.tsx(1018,33): error TS17004: Cannot use JSX unless the '--jsx' flag is provided.
src/components/DynamicScaffold.tsx(1019,33): error TS17004: Cannot use JSX unless the '--jsx' flag is provided.
src/components/DynamicScaffold.tsx(1022,29): error TS17004: Cannot use JSX unless the '--jsx' flag is provided.
src/components/DynamicScaffold.tsx(1023,33): error TS17004: Cannot use JSX unless the '--jsx' flag is provided.
src/components/DynamicScaffold.tsx(1031,17): error TS17004: Cannot use JSX unless the '--jsx' flag is provided.
src/components/DynamicScaffold.tsx(1032,21): error TS17004: Cannot use JSX unless the '--jsx' flag is provided.
src/components/DynamicScaffold.tsx(1033,25): error TS17004: Cannot use JSX unless the '--jsx' flag is provided.
src/components/DynamicScaffold.tsx(1034,25): error TS17004: Cannot use JSX unless the '--jsx' flag is provided.
src/components/DynamicScaffold.tsx(1036,21): error TS17004: Cannot use JSX unless the '--jsx' flag is provided.
src/components/DynamicScaffold.tsx(1038,29): error TS17004: Cannot use JSX unless the '--jsx' flag is provided.
src/components/DynamicScaffold.tsx(1039,33): error TS17004: Cannot use JSX unless the '--jsx' flag is provided.
src/components/DynamicScaffold.tsx(1040,37): error TS17004: Cannot use JSX unless the '--jsx' flag is provided.
src/components/DynamicScaffold.tsx(1042,33): error TS17004: Cannot use JSX unless the '--jsx' flag is provided.
src/components/DynamicScaffold.tsx(1043,33): error TS17004: Cannot use JSX unless the '--jsx' flag is provided.
src/components/DynamicScaffold.tsx(1053,29): error TS17004: Cannot use JSX unless the '--jsx' flag is provided.
src/components/DynamicScaffold.tsx(1054,33): error TS17004: Cannot use JSX unless the '--jsx' flag is provided.
src/components/DynamicScaffold.tsx(1055,33): error TS17004: Cannot use JSX unless the '--jsx' flag is provided.
src/components/DynamicScaffold.tsx(1059,29): error TS17004: Cannot use JSX unless the '--jsx' flag is provided.
src/components/DynamicScaffold.tsx(1060,33): error TS17004: Cannot use JSX unless the '--jsx' flag is provided.
src/components/DynamicScaffold.tsx(1065,29): error TS17004: Cannot use JSX unless the '--jsx' flag is provided.
src/components/DynamicScaffold.tsx(1066,33): error TS17004: Cannot use JSX unless the '--jsx' flag is provided.
src/components/DynamicScaffold.tsx(1068,41): error TS17004: Cannot use JSX unless the '--jsx' flag is provided.
src/components/DynamicScaffold.tsx(1078,45): error TS17004: Cannot use JSX unless the '--jsx' flag is provided.
src/components/DynamicScaffold.tsx(1079,49): error TS17004: Cannot use JSX unless the '--jsx' flag is provided.
src/components/DynamicScaffold.tsx(1084,49): error TS17004: Cannot use JSX unless the '--jsx' flag is provided.
src/components/DynamicScaffold.tsx(1085,53): error TS17004: Cannot use JSX unless the '--jsx' flag is provided.
src/components/DynamicScaffold.tsx(1086,57): error TS17004: Cannot use JSX unless the '--jsx' flag is provided.
src/components/DynamicScaffold.tsx(1089,74): error TS17004: Cannot use JSX unless the '--jsx' flag is provided.
src/components/DynamicScaffold.tsx(1089,125): error TS17004: Cannot use JSX unless the '--jsx' flag is provided.
src/components/DynamicScaffold.tsx(1094,45): error TS17004: Cannot use JSX unless the '--jsx' flag is provided.
src/components/DynamicScaffold.tsx(1097,53): error TS17004: Cannot use JSX unless the '--jsx' flag is provided.
src/components/DynamicScaffold.tsx(1107,49): error TS17004: Cannot use JSX unless the '--jsx' flag is provided.
src/components/DynamicScaffold.tsx(1109,57): error TS17004: Cannot use JSX unless the '--jsx' flag is provided.
src/components/DynamicScaffold.tsx(1110,61): error TS17004: Cannot use JSX unless the '--jsx' flag is provided.
src/components/DynamicScaffold.tsx(1112,65): error TS17004: Cannot use JSX unless the '--jsx' flag is provided.
src/components/DynamicScaffold.tsx(1113,69): error TS17004: Cannot use JSX unless the '--jsx' flag is provided.
src/components/DynamicScaffold.tsx(1116,65): error TS17004: Cannot use JSX unless the '--jsx' flag is provided.
src/components/DynamicScaffold.tsx(1127,33): error TS17004: Cannot use JSX unless the '--jsx' flag is provided.
src/components/DynamicScaffold.tsx(1132,29): error TS17004: Cannot use JSX unless the '--jsx' flag is provided.
src/components/DynamicScaffold.tsx(1133,33): error TS17004: Cannot use JSX unless the '--jsx' flag is provided.
src/components/DynamicScaffold.tsx(1141,13): error TS17004: Cannot use JSX unless the '--jsx' flag is provided.
src/components/DynamicScaffold.tsx(1142,17): error TS17004: Cannot use JSX unless the '--jsx' flag is provided.
src/components/DynamicScaffold.tsx(1143,21): error TS17004: Cannot use JSX unless the '--jsx' flag is provided.
src/components/DynamicScaffold.tsx(1144,21): error TS17004: Cannot use JSX unless the '--jsx' flag is provided.
src/components/DynamicScaffold.tsx(1147,17): error TS17004: Cannot use JSX unless the '--jsx' flag is provided.
src/components/DynamicScaffold.tsx(1148,21): error TS17004: Cannot use JSX unless the '--jsx' flag is provided.
src/components/DynamicScaffold.tsx(1149,25): error TS17004: Cannot use JSX unless the '--jsx' flag is provided.
src/components/DynamicScaffold.tsx(1154,17): error TS17004: Cannot use JSX unless the '--jsx' flag is provided.
src/components/DynamicScaffold.tsx(1156,25): error TS17004: Cannot use JSX unless the '--jsx' flag is provided.
src/components/DynamicScaffold.tsx(1157,29): error TS17004: Cannot use JSX unless the '--jsx' flag is provided.
src/components/DynamicScaffold.tsx(1158,33): error TS17004: Cannot use JSX unless the '--jsx' flag is provided.
src/components/DynamicScaffold.tsx(1160,29): error TS17004: Cannot use JSX unless the '--jsx' flag is provided.
src/components/DynamicScaffold.tsx(1162,33): error TS17004: Cannot use JSX unless the '--jsx' flag is provided.
src/components/DynamicScaffold.tsx(1163,37): error TS17004: Cannot use JSX unless the '--jsx' flag is provided.
src/components/DynamicScaffold.tsx(1164,41): error TS17004: Cannot use JSX unless the '--jsx' flag is provided.
src/components/DynamicScaffold.tsx(1171,41): error TS17004: Cannot use JSX unless the '--jsx' flag is provided.
src/components/DynamicScaffold.tsx(1173,49): error TS17004: Cannot use JSX unless the '--jsx' flag is provided.
src/components/DynamicScaffold.tsx(1184,45): error TS17004: Cannot use JSX unless the '--jsx' flag is provided.
src/components/DynamicScaffold.tsx(1185,49): error TS17004: Cannot use JSX unless the '--jsx' flag is provided.
src/components/DynamicScaffold.tsx(1192,41): error TS17004: Cannot use JSX unless the '--jsx' flag is provided.
src/components/DynamicScaffold.tsx(1193,45): error TS17004: Cannot use JSX unless the '--jsx' flag is provided.
src/components/DynamicScaffold.tsx(1194,79): error TS17004: Cannot use JSX unless the '--jsx' flag is provided.
src/components/DynamicScaffold.tsx(1194,101): error TS17004: Cannot use JSX unless the '--jsx' flag is provided.
src/components/DynamicScaffold.tsx(1201,33): error TS17004: Cannot use JSX unless the '--jsx' flag is provided.
src/components/DynamicScaffold.tsx(1202,37): error TS17004: Cannot use JSX unless the '--jsx' flag is provided.
src/components/DynamicScaffold.tsx(1206,90): error TS17004: Cannot use JSX unless the '--jsx' flag is provided.
src/components/DynamicScaffold.tsx(1206,113): error TS17004: Cannot use JSX unless the '--jsx' flag is provided.
src/components/DynamicScaffold.tsx(1209,37): error TS17004: Cannot use JSX unless the '--jsx' flag is provided.
src/components/DynamicScaffold.tsx(1227,25): error TS17004: Cannot use JSX unless the '--jsx' flag is provided.
src/components/DynamicScaffold.tsx(1229,29): error TS17004: Cannot use JSX unless the '--jsx' flag is provided.
src/components/DynamicScaffold.tsx(1230,33): error TS17004: Cannot use JSX unless the '--jsx' flag is provided.
src/components/DynamicScaffold.tsx(1231,37): error TS17004: Cannot use JSX unless the '--jsx' flag is provided.
src/components/DynamicScaffold.tsx(1237,41): error TS17004: Cannot use JSX unless the '--jsx' flag is provided.
src/components/DynamicScaffold.tsx(1239,37): error TS17004: Cannot use JSX unless the '--jsx' flag is provided.
src/components/DynamicScaffold.tsx(1245,41): error TS17004: Cannot use JSX unless the '--jsx' flag is provided.
src/components/DynamicScaffold.tsx(1247,37): error TS17004: Cannot use JSX unless the '--jsx' flag is provided.
src/components/DynamicScaffold.tsx(1248,37): error TS17004: Cannot use JSX unless the '--jsx' flag is provided.
src/components/DynamicScaffold.tsx(1254,41): error TS17004: Cannot use JSX unless the '--jsx' flag is provided.
src/components/DynamicScaffold.tsx(1260,29): error TS17004: Cannot use JSX unless the '--jsx' flag is provided.
src/components/DynamicScaffold.tsx(1261,33): error TS17004: Cannot use JSX unless the '--jsx' flag is provided.
src/components/DynamicScaffold.tsx(1269,37): error TS17004: Cannot use JSX unless the '--jsx' flag is provided.
src/components/DynamicScaffold.tsx(1277,37): error TS17004: Cannot use JSX unless the '--jsx' flag is provided.
src/components/DynamicScaffold.tsx(1279,45): error TS17004: Cannot use JSX unless the '--jsx' flag is provided.
src/components/DynamicScaffold.tsx(1290,37): error TS17004: Cannot use JSX unless the '--jsx' flag is provided.
src/components/DynamicScaffold.tsx(1291,41): error TS17004: Cannot use JSX unless the '--jsx' flag is provided.
src/components/DynamicScaffold.tsx(1302,29): error TS17004: Cannot use JSX unless the '--jsx' flag is provided.
src/components/DynamicScaffold.tsx(1304,33): error TS2769: No overload matches this call.
  Overload 1 of 2, '(props: SignatureCanvasProps): SignatureCanvas', gave the following error.
    Type '{ ref: RefObject<SignatureCanvas>; penColor: string; canvasProps: { className: string; }; backgroundColor: string; minWidth: number; maxWidth: number; }' is not assignable to type 'IntrinsicAttributes & IntrinsicClassAttributes<SignatureCanvas> & Pick<Readonly<SignatureCanvasProps>, "canvasProps"> & InexactPartial<...> & InexactPartial<...>'.
      Property 'penColor' does not exist on type 'IntrinsicAttributes & IntrinsicClassAttributes<SignatureCanvas> & Pick<Readonly<SignatureCanvasProps>, "canvasProps"> & InexactPartial<...> & InexactPartial<...>'.
  Overload 2 of 2, '(props: SignatureCanvasProps, context: any): SignatureCanvas', gave the following error.
    Type '{ ref: RefObject<SignatureCanvas>; penColor: string; canvasProps: { className: string; }; backgroundColor: string; minWidth: number; maxWidth: number; }' is not assignable to type 'IntrinsicAttributes & IntrinsicClassAttributes<SignatureCanvas> & Pick<Readonly<SignatureCanvasProps>, "canvasProps"> & InexactPartial<...> & InexactPartial<...>'.
      Property 'penColor' does not exist on type 'IntrinsicAttributes & IntrinsicClassAttributes<SignatureCanvas> & Pick<Readonly<SignatureCanvasProps>, "canvasProps"> & InexactPartial<...> & InexactPartial<...>'.
src/components/DynamicScaffold.tsx(1316,37): error TS17004: Cannot use JSX unless the '--jsx' flag is provided.
src/components/DynamicScaffold.tsx(1317,41): error TS17004: Cannot use JSX unless the '--jsx' flag is provided.
src/components/DynamicScaffold.tsx(1318,45): error TS17004: Cannot use JSX unless the '--jsx' flag is provided.
src/components/DynamicScaffold.tsx(1329,21): error TS17004: Cannot use JSX unless the '--jsx' flag is provided.
src/components/DynamicScaffold.tsx(1330,25): error TS17004: Cannot use JSX unless the '--jsx' flag is provided.
src/components/DynamicScaffold.tsx(1331,25): error TS17004: Cannot use JSX unless the '--jsx' flag is provided.
src/components/DynamicScaffold.tsx(1331,53): error TS17004: Cannot use JSX unless the '--jsx' flag is provided.
src/components/DynamicScaffold.tsx(1337,21): error TS17004: Cannot use JSX unless the '--jsx' flag is provided.
src/components/DynamicScaffold.tsx(1338,25): error TS17004: Cannot use JSX unless the '--jsx' flag is provided.
src/components/DynamicScaffold.tsx(1341,25): error TS17004: Cannot use JSX unless the '--jsx' flag is provided.
src/components/DynamicScaffold.tsx(1355,25): error TS17004: Cannot use JSX unless the '--jsx' flag is provided.
src/components/DynamicScaffold.tsx(1361,29): error TS17004: Cannot use JSX unless the '--jsx' flag is provided.
src/components/DynamicScaffold.tsx(1363,25): error TS17004: Cannot use JSX unless the '--jsx' flag is provided.
src/components/DynamicScaffold.tsx(1368,81): error TS17004: Cannot use JSX unless the '--jsx' flag is provided.
src/components/DynamicScaffold.tsx(1368,104): error TS17004: Cannot use JSX unless the '--jsx' flag is provided.
src/components/DynamicScaffold.tsx(1370,25): error TS17004: Cannot use JSX unless the '--jsx' flag is provided.
src/components/DynamicScaffold.tsx(1393,17): error TS17004: Cannot use JSX unless the '--jsx' flag is provided.
src/components/DynamicScaffold.tsx(1394,21): error TS17004: Cannot use JSX unless the '--jsx' flag is provided.
src/components/DynamicScaffold.tsx(1395,25): error TS17004: Cannot use JSX unless the '--jsx' flag is provided.
src/components/DynamicScaffold.tsx(1396,29): error TS17004: Cannot use JSX unless the '--jsx' flag is provided.
src/components/DynamicScaffold.tsx(1397,33): error TS17004: Cannot use JSX unless the '--jsx' flag is provided.
src/components/DynamicScaffold.tsx(1398,33): error TS17004: Cannot use JSX unless the '--jsx' flag is provided.
src/components/DynamicScaffold.tsx(1400,29): error TS17004: Cannot use JSX unless the '--jsx' flag is provided.
src/components/DynamicScaffold.tsx(1405,25): error TS17004: Cannot use JSX unless the '--jsx' flag is provided.
src/components/DynamicScaffold.tsx(1407,29): error TS17004: Cannot use JSX unless the '--jsx' flag is provided.
src/components/DynamicScaffold.tsx(1408,33): error TS17004: Cannot use JSX unless the '--jsx' flag is provided.
src/components/DynamicScaffold.tsx(1409,37): error TS17004: Cannot use JSX unless the '--jsx' flag is provided.
src/components/DynamicScaffold.tsx(1410,37): error TS17004: Cannot use JSX unless the '--jsx' flag is provided.
src/components/DynamicScaffold.tsx(1412,33): error TS17004: Cannot use JSX unless the '--jsx' flag is provided.
src/components/DynamicScaffold.tsx(1418,29): error TS17004: Cannot use JSX unless the '--jsx' flag is provided.
src/components/DynamicScaffold.tsx(1419,33): error TS17004: Cannot use JSX unless the '--jsx' flag is provided.
src/components/DynamicScaffold.tsx(1420,33): error TS17004: Cannot use JSX unless the '--jsx' flag is provided.
src/components/DynamicScaffold.tsx(1421,33): error TS17004: Cannot use JSX unless the '--jsx' flag is provided.
src/components/DynamicScaffold.tsx(1422,37): error TS17004: Cannot use JSX unless the '--jsx' flag is provided.
src/components/DynamicScaffold.tsx(1423,37): error TS17004: Cannot use JSX unless the '--jsx' flag is provided.
src/components/DynamicScaffold.tsx(1425,45): error TS17004: Cannot use JSX unless the '--jsx' flag is provided.
src/components/DynamicScaffold.tsx(1434,25): error TS17004: Cannot use JSX unless the '--jsx' flag is provided.
src/components/DynamicScaffold.tsx(1435,29): error TS17004: Cannot use JSX unless the '--jsx' flag is provided.
